// Jest Snapshot v1, https://goo.gl/fbAQLP

exports[`Profile renders correctly 1`] = `
<div
  class="profile-page"
>
  <div
    class="row"
  >
    <div
      class="col-md-6 col-md-offset-3"
    >
      <h1
        class="text-center"
      >
        Profile page
      </h1>
       
      <form
        class="form-horizontal"
      >
        <div
          class="form-group"
        >
          <label
            class="col-sm-3 control-label"
            for="email"
          >
            Email
          </label>
           
          <div
            class="col-sm-7"
          >
            <input
              class="form-control"
              id="email"
              name="email"
              readonly="readonly"
              type="email"
            />
          </div>
        </div>
         
        <div
          class="form-group"
        >
          <label
            class="col-sm-3 control-label"
            for="name"
          >
            First Name
          </label>
           
          <div
            class="col-sm-7"
          >
            <input
              class="form-control"
              id="givenName"
              name="name"
              type="text"
            />
          </div>
        </div>
         
        <div
          class="form-group"
        >
          <label
            class="col-sm-3 control-label"
            for="name"
          >
            Last Name
          </label>
           
          <div
            class="col-sm-7"
          >
            <input
              class="form-control"
              id="familyName"
              name="name"
              type="text"
            />
          </div>
        </div>
         
        <div
          class="form-group"
        >
          <label
            class="col-sm-3 control-label"
          >
            Gender
          </label>
           
          <div
            class="col-sm-6"
          >
            <label
              class="radio col-sm-4"
            >
              <input
                data-toggle="radio"
                name="gender"
                type="radio"
                value="male"
              />
               
              <span
                class="gender-label"
              >
                Male
              </span>
            </label>
             
            <label
              class="radio col-sm-4"
            >
              <input
                data-toggle="radio"
                name="gender"
                type="radio"
                value="female"
              />
               
              <span>
                Female
              </span>
            </label>
          </div>
        </div>
         
        <div
          class="form-group"
        >
          <label
            class="col-sm-3 control-label"
          >
            Day of Birth
          </label>
           
          <div
            class="col-sm-7"
          >
            <div
              placeholder="Pick a day"
              type="date"
            />
          </div>
        </div>
         
        <!---->
         
        <!---->
         
        <div
          class="form-group"
        >
          <div
            class="col-sm-offset-3 col-sm-4"
          >
            <button
              class="btn btn btn-primary"
              type="submit"
            >
              <i
                class="fas fa-pencil-alt fa-sm"
              />
              Update Profile
            </button>
          </div>
        </div>
      </form>
       
      <div
        class="page-header"
      >
        <h3>
          Change Password
        </h3>
      </div>
       
      <form
        class="form-horizontal"
      >
        <div
          class="form-group"
        >
          <label
            class="col-sm-3 control-label"
            for="oldPassword"
          >
            Old Password
          </label>
           
          <div
            class="col-sm-7"
          >
            <input
              class="form-control"
              id="oldPassword"
              name="oldPassword"
              type="password"
            />
          </div>
        </div>
         
        <div
          class="form-group"
        >
          <label
            class="col-sm-3 control-label"
            for="newPassword"
          >
            New Password
          </label>
           
          <div
            class="col-sm-7"
          >
            <input
              class="form-control"
              id="newPassword"
              name="newPassword"
              type="password"
            />
          </div>
        </div>
         
        <!---->
         
        <!---->
         
        <div
          class="form-group"
        >
          <div
            class="col-sm-offset-3 col-sm-4"
          >
            <button
              class="btn btn-primary"
              type="submit"
            >
              <i
                class="fas fa-lock fa-sm"
              />
              Change Password
            </button>
          </div>
        </div>
      </form>
    </div>
  </div>
</div>
`;
